INFO:     Will watch for changes in these directories: ['C:\\Users\\Dell\\Desktop\\sax path\\saxpath\\services\\api']
INFO:     Uvicorn running on http://0.0.0.0:8001 (Press CTRL+C to quit)
INFO:     Started reloader process [2848] using StatReload
INFO:     Started server process [3100]
INFO:     Waiting for application startup.
INFO:     Application startup complete.
WARNING:  StatReload detected changes in 'app\schemas\daily_plan.py'. Reloading...
INFO:     Shutting down
INFO:     Waiting for application shutdown.
INFO:     Application shutdown complete.
INFO:     Finished server process [3100]
INFO:     Started server process [6140]
INFO:     Waiting for application startup.
INFO:     Application startup complete.
WARNING:  StatReload detected changes in 'app\services\evaluation.py'. Reloading...
INFO:     Shutting down
INFO:     Waiting for application shutdown.
INFO:     Application shutdown complete.
INFO:     Finished server process [6140]
INFO:     Started server process [17296]
INFO:     Waiting for application startup.
INFO:     Application startup complete.
